PARTICIPANTE A: FELIPE BERTEVELLO
PARTICIPANTE B: DENIS CARBONE


PARTICIPANTE A


The default interactive shell is now zsh.
To update your account to use zsh, please run `chsh -s /bin/zsh`.
For more details, please visit https://support.apple.com/kb/HT208050.
MacBook-Pro-de-Felipe:~ felipebertevello$ ls
Applications		Jts			Pictures
Desktop			Library			Public
Documents		Mirror			iCloud Drive (Arquivo)
Downloads		Movies
Google Drive		Music
MacBook-Pro-de-Felipe:~ felipebertevello$ cd Desktop
MacBook-Pro-de-Felipe:Desktop felipebertevello$ ls
CTD - Coding
ctd
MacBook-Pro-de-Felipe:Desktop felipebertevello$ cd ctd
MacBook-Pro-de-Felipe:ctd felipebertevello$ mkdir introducao_informatica
MacBook-Pro-de-Felipe:ctd felipebertevello$ cd introducao_informatica
MacBook-Pro-de-Felipe:introducao_informatica felipebertevello$ mkdir aula05
MacBook-Pro-de-Felipe:introducao_informatica felipebertevello$ cd aula05
MacBook-Pro-de-Felipe:aula05 felipebertevello$ git init
Initialized empty Git repository in /Users/felipebertevello/Desktop/ctd/introducao_informatica/aula05/.git/
MacBook-Pro-de-Felipe:aula05 felipebertevello$ touch README.md
MacBook-Pro-de-Felipe:aula05 felipebertevello$ nano README.md
MacBook-Pro-de-Felipe:aula05 felipebertevello$ git statys
git: 'statys' is not a git command. See 'git --help'.

The most similar command is
	status
MacBook-Pro-de-Felipe:aula05 felipebertevello$ git status
On branch main

No commits yet

Untracked files:
  (use "git add <file>..." to include in what will be committed)
	README.md

nothing added to commit but untracked files present (use "git add" to track)
MacBook-Pro-de-Felipe:aula05 felipebertevello$ git add .
MacBook-Pro-de-Felipe:aula05 felipebertevello$ git commit -m "Adicionar README"
[main (root-commit) 403e265] Adicionar README
 1 file changed, 0 insertions(+), 0 deletions(-)
 create mode 100644 README.md
MacBook-Pro-de-Felipe:aula05 felipebertevello$ git remote add origin https://github.com/CTD-DH/Intro_Informatica_Aula05.git
MacBook-Pro-de-Felipe:aula05 felipebertevello$ git push origin main
Enumerating objects: 3, done.
Counting objects: 100% (3/3), done.
Writing objects: 100% (3/3), 223 bytes | 223.00 KiB/s, done.
Total 3 (delta 0), reused 0 (delta 0), pack-reused 0
To https://github.com/CTD-DH/Intro_Informatica_Aula05.git
 * [new branch]      main -> main
MacBook-Pro-de-Felipe:aula05 felipebertevello$ touch felipe01.txt felipe02.txt felipe03.txt
MacBook-Pro-de-Felipe:aula05 felipebertevello$ nano felipe01.txt
MacBook-Pro-de-Felipe:aula05 felipebertevello$ nano felipe02.txt
MacBook-Pro-de-Felipe:aula05 felipebertevello$ nano felipe03.txt
MacBook-Pro-de-Felipe:aula05 felipebertevello$ git status
On branch main
Untracked files:
  (use "git add <file>..." to include in what will be committed)
	felipe01.txt
	felipe02.txt
	felipe03.txt

nothing added to commit but untracked files present (use "git add" to track)
MacBook-Pro-de-Felipe:aula05 felipebertevello$ git add .
MacBook-Pro-de-Felipe:aula05 felipebertevello$ git commit -m "Adicionando os arquivos txt do Felipe"
[main e738432] Adicionando os arquivos txt do Felipe
 3 files changed, 3 insertions(+)
 create mode 100644 felipe01.txt
 create mode 100644 felipe02.txt
 create mode 100644 felipe03.txt
MacBook-Pro-de-Felipe:aula05 felipebertevello$ git push origin main
Enumerating objects: 6, done.
Counting objects: 100% (6/6), done.
Delta compression using up to 4 threads
Compressing objects: 100% (2/2), done.
Writing objects: 100% (5/5), 495 bytes | 495.00 KiB/s, done.
Total 5 (delta 0), reused 0 (delta 0), pack-reused 0
To https://github.com/CTD-DH/Intro_Informatica_Aula05.git
   403e265..e738432  main -> main
MacBook-Pro-de-Felipe:aula05 felipebertevello$ git pull
hint: Pulling without specifying how to reconcile divergent branches is
hint: discouraged. You can squelch this message by running one of the following
hint: commands sometime before your next pull:
hint: 
hint:   git config pull.rebase false  # merge (the default strategy)
hint:   git config pull.rebase true   # rebase
hint:   git config pull.ff only       # fast-forward only
hint: 
hint: You can replace "git config" with "git config --global" to set a default
hint: preference for all repositories. You can also pass --rebase, --no-rebase,
hint: or --ff-only on the command line to override the configured default per
hint: invocation.
remote: Enumerating objects: 6, done.
remote: Counting objects: 100% (6/6), done.
remote: Compressing objects: 100% (2/2), done.
remote: Total 5 (delta 0), reused 5 (delta 0), pack-reused 0
Unpacking objects: 100% (5/5), 462 bytes | 33.00 KiB/s, done.
From https://github.com/CTD-DH/Intro_Informatica_Aula05
   e738432..5c69221  main       -> origin/main
There is no tracking information for the current branch.
Please specify which branch you want to merge with.
See git-pull(1) for details.

    git pull <remote> <branch>

If you wish to set tracking information for this branch you can do so with:

    git branch --set-upstream-to=origin/<branch> main

MacBook-Pro-de-Felipe:aula05 felipebertevello$ git pull origin main
hint: Pulling without specifying how to reconcile divergent branches is
hint: discouraged. You can squelch this message by running one of the following
hint: commands sometime before your next pull:
hint: 
hint:   git config pull.rebase false  # merge (the default strategy)
hint:   git config pull.rebase true   # rebase
hint:   git config pull.ff only       # fast-forward only
hint: 
hint: You can replace "git config" with "git config --global" to set a default
hint: preference for all repositories. You can also pass --rebase, --no-rebase,
hint: or --ff-only on the command line to override the configured default per
hint: invocation.
From https://github.com/CTD-DH/Intro_Informatica_Aula05
 * branch            main       -> FETCH_HEAD
Updating e738432..5c69221
Fast-forward
 denis1.txt | 1 +
 denis2.txt | 1 +
 denis3.txt | 1 +
 3 files changed, 3 insertions(+)
 create mode 100644 denis1.txt
 create mode 100644 denis2.txt
 create mode 100644 denis3.txt
MacBook-Pro-de-Felipe:aula05 felipebertevello$ nano felipe01.txt
MacBook-Pro-de-Felipe:aula05 felipebertevello$ git add .
MacBook-Pro-de-Felipe:aula05 felipebertevello$ git commit -m "Primeira alteração felipe01"
[main 4690038] Primeira alteração felipe01
 1 file changed, 1 insertion(+)
MacBook-Pro-de-Felipe:aula05 felipebertevello$ git push origin main
Enumerating objects: 5, done.
Counting objects: 100% (5/5), done.
Delta compression using up to 4 threads
Compressing objects: 100% (3/3), done.
Writing objects: 100% (3/3), 349 bytes | 349.00 KiB/s, done.
Total 3 (delta 1), reused 0 (delta 0), pack-reused 0
remote: Resolving deltas: 100% (1/1), completed with 1 local object.
To https://github.com/CTD-DH/Intro_Informatica_Aula05.git
   5c69221..4690038  main -> main
MacBook-Pro-de-Felipe:aula05 felipebertevello$ git pull origin main
hint: Pulling without specifying how to reconcile divergent branches is
hint: discouraged. You can squelch this message by running one of the following
hint: commands sometime before your next pull:
hint: 
hint:   git config pull.rebase false  # merge (the default strategy)
hint:   git config pull.rebase true   # rebase
hint:   git config pull.ff only       # fast-forward only
hint: 
hint: You can replace "git config" with "git config --global" to set a default
hint: preference for all repositories. You can also pass --rebase, --no-rebase,
hint: or --ff-only on the command line to override the configured default per
hint: invocation.
remote: Enumerating objects: 9, done.
remote: Counting objects: 100% (8/8), done.
remote: Compressing objects: 100% (2/2), done.
remote: Total 5 (delta 2), reused 5 (delta 2), pack-reused 0
Unpacking objects: 100% (5/5), 556 bytes | 92.00 KiB/s, done.
From https://github.com/CTD-DH/Intro_Informatica_Aula05
 * branch            main       -> FETCH_HEAD
   4690038..8cbeaa1  main       -> origin/main
Updating 4690038..8cbeaa1
Fast-forward
 denis1.txt | 2 +-
 1 file changed, 1 insertion(+), 1 deletion(-)
MacBook-Pro-de-Felipe:aula05 felipebertevello$ nano README.md
MacBook-Pro-de-Felipe:aula05 felipebertevello$ git add .
MacBook-Pro-de-Felipe:aula05 felipebertevello$ git commit -m "alteração do README"
[main 7e61502] alteração do README
 1 file changed, 1 insertion(+)
MacBook-Pro-de-Felipe:aula05 felipebertevello$ git push origin main
Enumerating objects: 5, done.
Counting objects: 100% (5/5), done.
Delta compression using up to 4 threads
Compressing objects: 100% (2/2), done.
Writing objects: 100% (3/3), 323 bytes | 323.00 KiB/s, done.
Total 3 (delta 1), reused 0 (delta 0), pack-reused 0
remote: Resolving deltas: 100% (1/1), completed with 1 local object.
To https://github.com/CTD-DH/Intro_Informatica_Aula05.git
   8cbeaa1..7e61502  main -> main
MacBook-Pro-de-Felipe:aula05 felipebertevello$ git pull origin main
hint: Pulling without specifying how to reconcile divergent branches is
hint: discouraged. You can squelch this message by running one of the following
hint: commands sometime before your next pull:
hint: 
hint:   git config pull.rebase false  # merge (the default strategy)
hint:   git config pull.rebase true   # rebase
hint:   git config pull.ff only       # fast-forward only
hint: 
hint: You can replace "git config" with "git config --global" to set a default
hint: preference for all repositories. You can also pass --rebase, --no-rebase,
hint: or --ff-only on the command line to override the configured default per
hint: invocation.
remote: Enumerating objects: 10, done.
remote: Counting objects: 100% (10/10), done.
remote: Compressing objects: 100% (3/3), done.
remote: Total 6 (delta 2), reused 6 (delta 2), pack-reused 0
Unpacking objects: 100% (6/6), 624 bytes | 104.00 KiB/s, done.
From https://github.com/CTD-DH/Intro_Informatica_Aula05
 * branch            main       -> FETCH_HEAD
   7e61502..208bc8d  main       -> origin/main
Updating 7e61502..208bc8d
Fast-forward
 README.md | 1 +
 1 file changed, 1 insertion(+)


PARTICIPANTE B


denis@Denis-Aspire-E5-571:~/Área de Trabalho/Aula05Infor$ git clone https://github.com/CTD-DH/Intro_Informatica_Aula05.git 
Cloning into 'Intro_Informatica_Aula05'...
remote: Enumerating objects: 8, done.
remote: Counting objects: 100% (8/8), done.
remote: Compressing objects: 100% (3/3), done.
remote: Total 8 (delta 0), reused 8 (delta 0), pack-reused 0
Unpacking objects: 100% (8/8), 666 bytes | 333.00 KiB/s, done.
denis@Denis-Aspire-E5-571:~/Área de Trabalho/Aula05Infor$ cd Intro_Informatica_Aula05
denis@Denis-Aspire-E5-571:~/Área de Trabalho/Aula05Infor/Intro_Informatica_
Aula05$ touch denis1.txt denis2.txt denis3.txt
denis@Denis-Aspire-E5-571:~/Área de Trabalho/Aula05Infor/Intro_Informatica_
Aula05$ nano denis1.txt
denis@Denis-Aspire-E5-571:~/Área de Trabalho/Aula05Infor/Intro_Informatica_
Aula05$ nano denis2.txt
denis@Denis-Aspire-E5-571:~/Área de Trabalho/Aula05Infor/Intro_Informatica_
Aula05$ nano denis3.txt
denis@Denis-Aspire-E5-571:~/Área de Trabalho/Aula05Infor/Intro_Informatica_
Aula05$ git add.
git: 'add.' não é um comando git. Veja 'git --help'.

The most similar command is
        add
denis@Denis-Aspire-E5-571:~/Área de Trabalho/Aula05Infor/Intro_Informatica_
Aula05$ git add .
denis@Denis-Aspire-E5-571:~/Área de Trabalho/Aula05Infor/Intro_Informatica_
Aula05$ git commit -m 'criacao arquivos'
[main 5c69221] criacao arquivos
 3 files changed, 3 insertions(+)
 create mode 100644 denis1.txt
 create mode 100644 denis2.txt
 create mode 100644 denis3.txt
denis@Denis-Aspire-E5-571:~/Área de Trabalho/Aula05Infor/Intro_Informatica_
Aula05$ git push origin main
Enumerating objects: 6, done.
Counting objects: 100% (6/6), done.
Delta compression using up to 4 threads
Compressing objects: 100% (2/2), done.
Writing objects: 100% (5/5), 482 bytes | 482.00 KiB/s, done.
Total 5 (delta 0), reused 0 (delta 0)
To https://github.com/CTD-DH/Intro_Informatica_Aula05.git
   e738432..5c69221  main -> main
denis@Denis-Aspire-E5-571:~/Área de Trabalho/Aula05Infor/Intro_Informatica_
Aula05$ git pull origin main
From https://github.com/CTD-DH/Intro_Informatica_Aula05
 * branch            main       -> FETCH_HEAD
Already up to date.
denis@Denis-Aspire-E5-571:~/Área de Trabalho/Aula05Infor/Intro_Informatica_
Aula05$ ls
denis1.txt  denis3.txt    felipe02.txt  README.md
denis2.txt  felipe01.txt  felipe03.txt
denis@Denis-Aspire-E5-571:~/Área de Trabalho/Aula05Infor/Intro_Informatica_
Aula05$ nano denis1.txt
denis@Denis-Aspire-E5-571:~/Área de Trabalho/Aula05Infor/Intro_Informatica_
Aula05$ git add .
denis@Denis-Aspire-E5-571:~/Área de Trabalho/Aula05Infor/Intro_Informatica_
Aula05$ git commit -m 'alteraçao topico 6'
[main d580d76] alteraçao topico 6
 1 file changed, 1 insertion(+), 1 deletion(-)
denis@Denis-Aspire-E5-571:~/Área de Trabalho/Aula05Infor/Intro_Informatica_
Aula05$ git push origin main
To https://github.com/CTD-DH/Intro_Informatica_Aula05.git
 ! [rejected]        main -> main (fetch first)
error: failed to push some refs to 'https://github.com/CTD-DH/Intro_Informatica_Aula05.git'
hint: Updates were rejected because the remote contains work that you do
hint: not have locally. This is usually caused by another repository pushing
hint: to the same ref. You may want to first integrate the remote changes
hint: (e.g., 'git pull ...') before pushing again.
hint: See the 'Note about fast-forwards' in 'git push --help' for details.
denis@Denis-Aspire-E5-571:~/Área de Trabalho/Aula05Infor/Intro_Informatica_
Aula05$ git pull origin main
From https://github.com/CTD-DH/Intro_Informatica_Aula05
 * branch            main       -> FETCH_HEAD
Merge made by the 'recursive' strategy.
 felipe01.txt | 1 +
 1 file changed, 1 insertion(+)
denis@Denis-Aspire-E5-571:~/Área de Trabalho/Aula05Infor/Intro_Informatica_
Aula05$ git push origin main
Enumerating objects: 9, done.
Counting objects: 100% (8/8), done.
Delta compression using up to 4 threads
Compressing objects: 100% (4/4), done.
Writing objects: 100% (5/5), 576 bytes | 576.00 KiB/s, done.
Total 5 (delta 2), reused 0 (delta 0)
remote: Resolving deltas: 100% (2/2), completed with 1 local object.
To https://github.com/CTD-DH/Intro_Informatica_Aula05.git
   4690038..8cbeaa1  main -> main
denis@Denis-Aspire-E5-571:~/Área de Trabalho/Aula05Infor/Intro_Informatica_
Aula05$ nano readme.md
denis@Denis-Aspire-E5-571:~/Área de Trabalho/Aula05Infor/Intro_Informatica_
Aula05$ nano README.md
denis@Denis-Aspire-E5-571:~/Área de Trabalho/Aula05Infor/Intro_Informatica_
Aula05$ git add .
denis@Denis-Aspire-E5-571:~/Área de Trabalho/Aula05Infor/Intro_Informatica_
Aula05$ git commit -m 'nova alteraçao'
[main 37a74af] nova alteraçao
 1 file changed, 1 insertion(+)
denis@Denis-Aspire-E5-571:~/Área de Trabalho/Aula05Infor/Intro_Informatica_
Aula05$ git push origin main
To https://github.com/CTD-DH/Intro_Informatica_Aula05.git
 ! [rejected]        main -> main (fetch first)
error: failed to push some refs to 'https://github.com/CTD-DH/Intro_Informatica_Aula05.git'
hint: Updates were rejected because the remote contains work that you do
hint: not have locally. This is usually caused by another repository pushing
hint: to the same ref. You may want to first integrate the remote changes
hint: (e.g., 'git pull ...') before pushing again.
hint: See the 'Note about fast-forwards' in 'git push --help' for details.
denis@Denis-Aspire-E5-571:~/Área de Trabalho/Aula05Infor/Intro_Informatica_
Aula05$ git pull origin main
remote: Enumerating objects: 5, done.
remote: Counting objects: 100% (5/5), done.
remote: Compressing objects: 100% (1/1), done.
remote: Total 3 (delta 1), reused 3 (delta 1), pack-reused 0
Unpacking objects: 100% (3/3), 303 bytes | 303.00 KiB/s, done.
From https://github.com/CTD-DH/Intro_Informatica_Aula05
 * branch            main       -> FETCH_HEAD
   8cbeaa1..7e61502  main       -> origin/main
Mesclagem automática de README.md
CONFLITO (conteúdo): conflito de mesclagem em README.md
Automatic merge failed; fix conflicts and then commit the result.
denis@Denis-Aspire-E5-571:~/Área de Trabalho/Aula05Infor/Intro_Informatica_
Aula05$ git push origin main
To https://github.com/CTD-DH/Intro_Informatica_Aula05.git
 ! [rejected]        main -> main (non-fast-forward)
error: failed to push some refs to 'https://github.com/CTD-DH/Intro_Informatica_Aula05.git'
hint: Updates were rejected because the tip of your current branch is behind
hint: its remote counterpart. Integrate the remote changes (e.g.
hint: 'git pull ...') before pushing again.
hint: See the 'Note about fast-forwards' in 'git push --help' for details.
denis@Denis-Aspire-E5-571:~/Área de Trabalho/Aula05Infor/Intro_Informatica_
Aula05$ git add .
denis@Denis-Aspire-E5-571:~/Área de Trabalho/Aula05Infor/Intro_Informatica_
Aula05$ git commit -m 'fix conflit'
[main 208bc8d] fix conflit
denis@Denis-Aspire-E5-571:~/Área de Trabalho/Aula05Infor/Intro_Informatica_
Aula05$ git push origin main
Enumerating objects: 10, done.
Counting objects: 100% (10/10), done.
Delta compression using up to 4 threads
Compressing objects: 100% (5/5), done.
Writing objects: 100% (6/6), 644 bytes | 322.00 KiB/s, done.
Total 6 (delta 2), reused 0 (delta 0)
remote: Resolving deltas: 100% (2/2), completed with 1 local object.
To https://github.com/CTD-DH/Intro_Informatica_Aula05.git
   7e61502..208bc8d  main -> main
denis@Denis-Aspire-E5-571:~/Área de Trabalho/Aula05Infor/Intro_Informatica_
Aula05$ ^C
denis@Denis-Aspire-E5-571:~/Área de Trabalho/Aula05Infor/Intro_Informatica_
Aula05$ ^C
denis@Denis-Aspire-E5-571:~/Área de Trabalho/Aula05Infor/Intro_Informatica_
Aula05$ 
