denis@Denis-Aspire-E5-571:~/Área de Trabalho/Aula05Infor$ git clone https://github.com/CTD-DH/Intro_Informatica_Aula05.git 
Cloning into 'Intro_Informatica_Aula05'...
remote: Enumerating objects: 8, done.
remote: Counting objects: 100% (8/8), done.
remote: Compressing objects: 100% (3/3), done.
remote: Total 8 (delta 0), reused 8 (delta 0), pack-reused 0
Unpacking objects: 100% (8/8), 666 bytes | 333.00 KiB/s, done.
denis@Denis-Aspire-E5-571:~/Área de Trabalho/Aula05Infor$ cd Intro_Informatica_Aula05
denis@Denis-Aspire-E5-571:~/Área de Trabalho/Aula05Infor/Intro_Informatica_
Aula05$ touch denis1.txt denis2.txt denis3.txt
denis@Denis-Aspire-E5-571:~/Área de Trabalho/Aula05Infor/Intro_Informatica_
Aula05$ nano denis1.txt
denis@Denis-Aspire-E5-571:~/Área de Trabalho/Aula05Infor/Intro_Informatica_
Aula05$ nano denis2.txt
denis@Denis-Aspire-E5-571:~/Área de Trabalho/Aula05Infor/Intro_Informatica_
Aula05$ nano denis3.txt
denis@Denis-Aspire-E5-571:~/Área de Trabalho/Aula05Infor/Intro_Informatica_
Aula05$ git add.
git: 'add.' não é um comando git. Veja 'git --help'.

The most similar command is
        add
denis@Denis-Aspire-E5-571:~/Área de Trabalho/Aula05Infor/Intro_Informatica_
Aula05$ git add .
denis@Denis-Aspire-E5-571:~/Área de Trabalho/Aula05Infor/Intro_Informatica_
Aula05$ git commit -m 'criacao arquivos'
[main 5c69221] criacao arquivos
 3 files changed, 3 insertions(+)
 create mode 100644 denis1.txt
 create mode 100644 denis2.txt
 create mode 100644 denis3.txt
denis@Denis-Aspire-E5-571:~/Área de Trabalho/Aula05Infor/Intro_Informatica_
Aula05$ git push origin main
Enumerating objects: 6, done.
Counting objects: 100% (6/6), done.
Delta compression using up to 4 threads
Compressing objects: 100% (2/2), done.
Writing objects: 100% (5/5), 482 bytes | 482.00 KiB/s, done.
Total 5 (delta 0), reused 0 (delta 0)
To https://github.com/CTD-DH/Intro_Informatica_Aula05.git
   e738432..5c69221  main -> main
denis@Denis-Aspire-E5-571:~/Área de Trabalho/Aula05Infor/Intro_Informatica_
Aula05$ git pull origin main
From https://github.com/CTD-DH/Intro_Informatica_Aula05
 * branch            main       -> FETCH_HEAD
Already up to date.
denis@Denis-Aspire-E5-571:~/Área de Trabalho/Aula05Infor/Intro_Informatica_
Aula05$ ls
denis1.txt  denis3.txt    felipe02.txt  README.md
denis2.txt  felipe01.txt  felipe03.txt
denis@Denis-Aspire-E5-571:~/Área de Trabalho/Aula05Infor/Intro_Informatica_
Aula05$ nano denis1.txt
denis@Denis-Aspire-E5-571:~/Área de Trabalho/Aula05Infor/Intro_Informatica_
Aula05$ git add .
denis@Denis-Aspire-E5-571:~/Área de Trabalho/Aula05Infor/Intro_Informatica_
Aula05$ git commit -m 'alteraçao topico 6'
[main d580d76] alteraçao topico 6
 1 file changed, 1 insertion(+), 1 deletion(-)
denis@Denis-Aspire-E5-571:~/Área de Trabalho/Aula05Infor/Intro_Informatica_
Aula05$ git push origin main
To https://github.com/CTD-DH/Intro_Informatica_Aula05.git
 ! [rejected]        main -> main (fetch first)
error: failed to push some refs to 'https://github.com/CTD-DH/Intro_Informatica_Aula05.git'
hint: Updates were rejected because the remote contains work that you do
hint: not have locally. This is usually caused by another repository pushing
hint: to the same ref. You may want to first integrate the remote changes
hint: (e.g., 'git pull ...') before pushing again.
hint: See the 'Note about fast-forwards' in 'git push --help' for details.
denis@Denis-Aspire-E5-571:~/Área de Trabalho/Aula05Infor/Intro_Informatica_
Aula05$ git pull origin main
From https://github.com/CTD-DH/Intro_Informatica_Aula05
 * branch            main       -> FETCH_HEAD
Merge made by the 'recursive' strategy.
 felipe01.txt | 1 +
 1 file changed, 1 insertion(+)
denis@Denis-Aspire-E5-571:~/Área de Trabalho/Aula05Infor/Intro_Informatica_
Aula05$ git push origin main
Enumerating objects: 9, done.
Counting objects: 100% (8/8), done.
Delta compression using up to 4 threads
Compressing objects: 100% (4/4), done.
Writing objects: 100% (5/5), 576 bytes | 576.00 KiB/s, done.
Total 5 (delta 2), reused 0 (delta 0)
remote: Resolving deltas: 100% (2/2), completed with 1 local object.
To https://github.com/CTD-DH/Intro_Informatica_Aula05.git
   4690038..8cbeaa1  main -> main
denis@Denis-Aspire-E5-571:~/Área de Trabalho/Aula05Infor/Intro_Informatica_
Aula05$ nano readme.md
denis@Denis-Aspire-E5-571:~/Área de Trabalho/Aula05Infor/Intro_Informatica_
Aula05$ nano README.md
denis@Denis-Aspire-E5-571:~/Área de Trabalho/Aula05Infor/Intro_Informatica_
Aula05$ git add .
denis@Denis-Aspire-E5-571:~/Área de Trabalho/Aula05Infor/Intro_Informatica_
Aula05$ git commit -m 'nova alteraçao'
[main 37a74af] nova alteraçao
 1 file changed, 1 insertion(+)
denis@Denis-Aspire-E5-571:~/Área de Trabalho/Aula05Infor/Intro_Informatica_
Aula05$ git push origin main
To https://github.com/CTD-DH/Intro_Informatica_Aula05.git
 ! [rejected]        main -> main (fetch first)
error: failed to push some refs to 'https://github.com/CTD-DH/Intro_Informatica_Aula05.git'
hint: Updates were rejected because the remote contains work that you do
hint: not have locally. This is usually caused by another repository pushing
hint: to the same ref. You may want to first integrate the remote changes
hint: (e.g., 'git pull ...') before pushing again.
hint: See the 'Note about fast-forwards' in 'git push --help' for details.
denis@Denis-Aspire-E5-571:~/Área de Trabalho/Aula05Infor/Intro_Informatica_
Aula05$ git pull origin main
remote: Enumerating objects: 5, done.
remote: Counting objects: 100% (5/5), done.
remote: Compressing objects: 100% (1/1), done.
remote: Total 3 (delta 1), reused 3 (delta 1), pack-reused 0
Unpacking objects: 100% (3/3), 303 bytes | 303.00 KiB/s, done.
From https://github.com/CTD-DH/Intro_Informatica_Aula05
 * branch            main       -> FETCH_HEAD
   8cbeaa1..7e61502  main       -> origin/main
Mesclagem automática de README.md
CONFLITO (conteúdo): conflito de mesclagem em README.md
Automatic merge failed; fix conflicts and then commit the result.
denis@Denis-Aspire-E5-571:~/Área de Trabalho/Aula05Infor/Intro_Informatica_
Aula05$ git push origin main
To https://github.com/CTD-DH/Intro_Informatica_Aula05.git
 ! [rejected]        main -> main (non-fast-forward)
error: failed to push some refs to 'https://github.com/CTD-DH/Intro_Informatica_Aula05.git'
hint: Updates were rejected because the tip of your current branch is behind
hint: its remote counterpart. Integrate the remote changes (e.g.
hint: 'git pull ...') before pushing again.
hint: See the 'Note about fast-forwards' in 'git push --help' for details.
denis@Denis-Aspire-E5-571:~/Área de Trabalho/Aula05Infor/Intro_Informatica_
Aula05$ git add .
denis@Denis-Aspire-E5-571:~/Área de Trabalho/Aula05Infor/Intro_Informatica_
Aula05$ git commit -m 'fix conflit'
[main 208bc8d] fix conflit
denis@Denis-Aspire-E5-571:~/Área de Trabalho/Aula05Infor/Intro_Informatica_
Aula05$ git push origin main
Enumerating objects: 10, done.
Counting objects: 100% (10/10), done.
Delta compression using up to 4 threads
Compressing objects: 100% (5/5), done.
Writing objects: 100% (6/6), 644 bytes | 322.00 KiB/s, done.
Total 6 (delta 2), reused 0 (delta 0)
remote: Resolving deltas: 100% (2/2), completed with 1 local object.
To https://github.com/CTD-DH/Intro_Informatica_Aula05.git
   7e61502..208bc8d  main -> main
denis@Denis-Aspire-E5-571:~/Área de Trabalho/Aula05Infor/Intro_Informatica_
Aula05$ ^C
denis@Denis-Aspire-E5-571:~/Área de Trabalho/Aula05Infor/Intro_Informatica_
Aula05$ ^C
denis@Denis-Aspire-E5-571:~/Área de Trabalho/Aula05Infor/Intro_Informatica_
Aula05$ 

remote: Compressing objects: 100% (3/3